#./src/main/resources/Entities.map
#Wed Sep 04 22:41:35 CEST 2019
reviewer1=155
author1Outbox=174
author1Trashbox=175
author1Inbox=173
reviewer1RootBox=190
reviewer3RootBox=202
author1RootBox=172
author3RootBox=184
admin1RootBox=166
reviewer2Notif=201
reviewer3Outbox=204
admin1Trashbox=169
paper2=219
author2Inbox=179
paper1=220
reviewer2Trashbox=199
reviewer3Notif=207
reviewer2Outbox=198
admin1Notif=171
preferences7=165
preferences6=164
preferences5=163
preferences4=162
preferences3=161
author3Inbox=185
preferences2=160
preferences1=159
socialNetwork2=214
socialNetwork1=213
reviewer1Inbox=191
socialProfile1=215
reviewer3Spambox=206
author3Spambox=188
topic5=212
topic4=211
topic3=210
topic2=209
topic1=208
author2RootBox=178
author2Trashbox=181
reviewer1Outbox=192
reviewer2Inbox=197
reviewer1Spambox=194
author1Spambox=176
author3=154
author2=153
author1=152
admin1Spambox=170
reviewer2RootBox=196
author1Notif=177
reviewer3Trashbox=205
author3Outbox=186
reviewer3Inbox=203
admin1Inbox=167
submission1=218
admin1=151
admin1Outbox=168
author2Outbox=180
reviewer1Trashbox=193
author2Notif=183
conference2=217
conference1=216
message1=221
siteConfig=158
userAccount7=150
author3Notif=189
userAccount6=149
userAccount5=148
userAccount4=147
userAccount3=146
reviewer1Notif=195
userAccount2=145
userAccount1=144
reviewer2Spambox=200
author2Spambox=182
reviewer3=157
reviewer2=156
author3Trashbox=187
