#./src/main/resources/Entities.map
#Wed Sep 04 11:17:33 CEST 2019
reviewer1=154
author1Outbox=173
author1Trashbox=174
author1Inbox=172
reviewer1RootBox=189
reviewer3RootBox=201
author1RootBox=171
author3RootBox=183
admin1RootBox=165
reviewer2Notif=200
reviewer3Outbox=203
admin1Trashbox=168
paper2=217
author2Inbox=178
paper1=218
reviewer2Trashbox=198
reviewer3Notif=206
reviewer2Outbox=197
admin1Notif=170
preferences7=164
preferences6=163
preferences5=162
preferences4=161
preferences3=160
author3Inbox=184
preferences2=159
preferences1=158
socialNetwork2=213
socialNetwork1=212
reviewer1Inbox=190
socialProfile1=214
reviewer3Spambox=205
author3Spambox=187
topic5=211
topic4=210
topic3=209
topic2=208
topic1=207
author2RootBox=177
author2Trashbox=180
reviewer1Outbox=191
reviewer2Inbox=196
reviewer1Spambox=193
author1Spambox=175
author3=153
author2=152
author1=151
admin1Spambox=169
reviewer2RootBox=195
author1Notif=176
reviewer3Trashbox=204
author3Outbox=185
reviewer3Inbox=202
admin1Inbox=166
submission1=216
admin1=150
admin1Outbox=167
author2Outbox=179
reviewer1Trashbox=192
author2Notif=182
conference1=215
message1=219
siteConfig=157
userAccount7=149
author3Notif=188
userAccount6=148
userAccount5=147
userAccount4=146
userAccount3=145
reviewer1Notif=194
userAccount2=144
userAccount1=143
reviewer2Spambox=199
author2Spambox=181
reviewer3=156
reviewer2=155
author3Trashbox=186
