#./src/main/resources/Entities.map
#Thu Sep 05 01:52:23 CEST 2019
reviewer1=156
author1Outbox=175
author1Trashbox=176
author1Inbox=174
reviewer1RootBox=191
reviewer3RootBox=203
author1RootBox=173
author3RootBox=185
admin1RootBox=167
reviewer2Notif=202
reviewer3Outbox=205
admin1Trashbox=170
paper2=221
author2Inbox=180
paper1=222
reviewer2Trashbox=200
reviewer3Notif=208
reviewer2Outbox=199
admin1Notif=172
preferences7=166
preferences6=165
preferences5=164
preferences4=163
preferences3=162
author3Inbox=186
preferences2=161
preferences1=160
socialNetwork2=215
socialNetwork1=214
reviewer1Inbox=192
socialProfile1=216
reviewer3Spambox=207
author3Spambox=189
topic5=213
topic4=212
topic3=211
topic2=210
topic1=209
author2RootBox=179
author2Trashbox=182
reviewer1Outbox=193
reviewer2Inbox=198
reviewer1Spambox=195
author1Spambox=177
author3=155
author2=154
author1=153
admin1Spambox=171
reviewer2RootBox=197
author1Notif=178
reviewer3Trashbox=206
author3Outbox=187
reviewer3Inbox=204
admin1Inbox=168
submission1=220
admin1=152
admin1Outbox=169
author2Outbox=181
reviewer1Trashbox=194
author2Notif=184
conference3=219
conference2=218
conference1=217
message1=223
siteConfig=159
userAccount7=151
author3Notif=190
userAccount6=150
userAccount5=149
userAccount4=148
userAccount3=147
reviewer1Notif=196
userAccount2=146
userAccount1=145
reviewer2Spambox=201
author2Spambox=183
reviewer3=158
reviewer2=157
author3Trashbox=188
